// Jest Snapshot v1, https://goo.gl/fbAQLP

exports[`EthWallet exportPrivateKey 1`] = `"6fa76995e9a39e852f893e8347c662453a5d517846d150bdf3ddf7601c4bc74c"`;

exports[`EthWallet getAddresses 1`] = `
Array [
  "0x625acaedef812d2842efd2fb0294682a868455bd",
]
`;

exports[`EthWallet getBalance 1`] = `
Object {
  "confirmed": "1",
  "unconfirmed": "0",
}
`;

exports[`EthWallet transfer 1`] = `
Object {
  "id": 1,
  "jsonrpc": "broadcastTransaction",
  "result": Object {
    "broadcasted": "0x213123123123123",
  },
}
`;
