// Jest Snapshot v1, https://goo.gl/fbAQLP

exports[`ModalWithdrawal Loading state 1`] = `
<body>
  <div>
    <div
      id="modalContainer"
    >
      <div
        aria-labelledby="modal-title"
        aria-modal="true"
        class="fixed inset-0 overflow-y-auto w-2/6 m-auto"
        role="dialog"
      >
        <div
          class="flex items-center justify-center min-h-screen pt-4 px-4 pb-20 text-center"
        >
          <div
            aria-hidden="true"
            class="fixed inset-0 bg-gray-500 bg-opacity-75 transition-opacity"
          />
          <span
            aria-hidden="true"
            class="hidden"
          >
            â€‹
          </span>
          <div
            class="inline-block align-bottom bg-white rounded-lg text-left overflow-hidden shadow-xl transform transition-all p-6"
          >
            <div
              class="bg-white"
            >
              <div
                class="w-full"
                data-testid="withdrawal-modal"
              >
                <p>
                  Loading...
                </p>
              </div>
            </div>
          </div>
        </div>
      </div>
    </div>
    <button
      class="disabled:cursor-not-allowed disabled:opacity-20 bg-primary rounded-full hover:bg-primary-dark text-white text-sm px-8 py-2"
      data-testid="button-open-modal"
    />
  </div>
</body>
`;
