// Jest Snapshot v1, https://goo.gl/fbAQLP

exports[`List render 1`] = `
<div
  className="w-full"
>
  <div
    className="flex"
  >
    <div
      className="w-4/12 border-b"
    >
      <p
        className="font-light text-swpGray-light p-2"
      >
        header 1
      </p>
    </div>
    <div
      className="w-3/12 border-b"
    >
      <p
        className="font-light text-swpGray-light p-2"
      >
        header 2
      </p>
    </div>
    <div
      className="w-3/12 border-b"
    >
      <p
        className="font-light text-swpGray-light p-2"
      >
        header 3
      </p>
    </div>
    <div
      className="w-2/12 border-b"
    >
      <p
        className="font-light text-swpGray-light p-2"
      >
        header 4
      </p>
    </div>
  </div>
  <div>
    <div
      className="flex w-full"
    >
      <div
        className="w-4/12 border-b p-2"
      >
        Elemente 1,1
      </div>
      <div
        className="w-3/12 border-b p-2"
      >
        Elemente 1,2
      </div>
      <div
        className="w-3/12 border-b p-2"
      >
        Elemente 1,3
      </div>
      <div
        className="w-2/12 border-b p-2"
      >
        Elemente 1,4
      </div>
    </div>
    <div
      className="flex w-full"
    >
      <div
        className="w-4/12 border-b p-2"
      >
        Elemente 2,1
      </div>
      <div
        className="w-3/12 border-b p-2"
      >
        Elemente 2,2
      </div>
      <div
        className="w-3/12 border-b p-2"
      >
        Elemente 2,3
      </div>
      <div
        className="w-2/12 border-b p-2"
      >
        <div>
          <button>
            Button 1
          </button>
          <button>
            Button 2
          </button>
        </div>
      </div>
    </div>
    <div
      className="flex w-full"
    >
      <div
        className="w-4/12 border-b p-2"
      >
        Elemente 3,1
      </div>
      <div
        className="w-3/12 border-b p-2"
      >
        Text long for field parts, Text long for field parts
      </div>
      <div
        className="w-3/12 border-b p-2"
      >
        Elemente 3,3
      </div>
      <div
        className="w-2/12 border-b p-2"
      >
        Elemente 3,4
      </div>
    </div>
    <div
      className="flex w-full"
    >
      <div
        className="w-4/12 border-b p-2"
      >
        Elemente 4,1
      </div>
      <div
        className="w-3/12 border-b p-2"
      >
        <p
          className="text-swpGray"
        >
          Custom element
        </p>
      </div>
      <div
        className="w-3/12 border-b p-2"
      >
        Elemente 4,3
      </div>
      <div
        className="w-2/12 border-b p-2"
      >
        Elemente 4,4
      </div>
    </div>
  </div>
</div>
`;
