// Jest Snapshot v1, https://goo.gl/fbAQLP

exports[`Wallet getBalances 1`] = `
Array [
  Object {
    "balance": Object {
      "confirmed": "0.00000",
      "unconfirmed": "0.00000",
    },
    "name": "Ethereum",
    "percentageOfPortfolio": "0",
    "priceInUsd": "1000",
    "symbol": "eth",
  },
]
`;

exports[`Wallet missing ennvironment variables 1`] = `[Error: Not env vars defined for token eth]`;

exports[`Wallet missing symbol on coingecko response 1`] = `[Error: Not converter defined for token btc]`;

exports[`Wallet throw error if there is not wallet for token symbol 1`] = `[Error: Not wallet defined for token RRR]`;
