// Jest Snapshot v1, https://goo.gl/fbAQLP

exports[`ModalInfo Render with description 1`] = `
<body>
  <div>
    <div
      data-testid="modal-container"
      id="modalContainer"
    >
      <div
        aria-labelledby="modal-title"
        aria-modal="true"
        class="fixed inset-0 overflow-y-auto w-3/6 m-auto"
        role="dialog"
      >
        <div
          class="flex items-center justify-center min-h-screen pt-4 px-4 pb-20 text-center"
        >
          <div
            aria-hidden="true"
            class="fixed inset-0 bg-gray-500 bg-opacity-75 transition-opacity"
          />
          <span
            aria-hidden="true"
            class="hidden"
          >
            â€‹
          </span>
          <div
            class="inline-block align-bottom bg-white rounded-lg text-left overflow-hidden shadow-xl transform transition-all p-6"
          >
            <div
              class="bg-white"
            >
              <div
                data-testid="deposit-modal"
              >
                <div
                  class="flex flex-col justify-center items-center"
                >
                  <div
                    class="flex items-center bg-warning border-l-4 border-warning-darkest text-warning-dark py-2 min-w-full"
                  >
                    <div
                      class="px-2"
                    >
                      <svg
                        aria-hidden="true"
                        class="w-6 h-6"
                        fill="none"
                        stroke="currentColor"
                        viewBox="0 0 24 24"
                        xmlns="http://www.w3.org/2000/svg"
                      >
                        <path
                          d="M13 16h-1v-4h-1m1-4h.01M21 12a9 9 0 11-18 0 9 9 0 0118 0z"
                          stroke-linecap="round"
                          stroke-linejoin="round"
                          stroke-width="2"
                        />
                      </svg>
                    </div>
                    <div>
                      <p
                        class="font-semibold"
                      />
                      <p>
                        Sending any crypto asset besides Bitcoin to this address may result in the total loss of your funds
                      </p>
                    </div>
                  </div>
                  <div
                    class="mt-3"
                  >
                    <p
                      class="font-medium"
                    >
                      0xABC
                    </p>
                  </div>
                </div>
                <div
                  class="bg-white pt-3 py-3 text-right"
                >
                  <button
                    class="disabled:cursor-not-allowed disabled:opacity-20 bg-primary rounded-full hover:bg-primary-dark text-white text-sm px-8 py-2"
                    data-testid="modal-accept-button"
                  >
                    <span>
                      Continue
                    </span>
                  </button>
                </div>
              </div>
            </div>
          </div>
        </div>
      </div>
    </div>
    <button
      class="disabled:cursor-not-allowed disabled:opacity-20 bg-primary rounded-full hover:bg-primary-dark text-white text-sm px-8 py-2"
    />
  </div>
</body>
`;
